org.junit.platform.commons@${version} jar:file:.+/junit-platform-commons-\d.+\.jar..module-info\.class
exports org.junit.platform.commons
exports org.junit.platform.commons.annotation
exports org.junit.platform.commons.function
exports org.junit.platform.commons.support
exports org.junit.platform.commons.support.conversion
exports org.junit.platform.commons.support.scanning
requires java.base mandated
requires java.logging
requires java.management
requires kotlin.reflect static
requires kotlin.stdlib static
requires kotlinx.coroutines.core static
requires org.apiguardian.api static transitive
requires org.jspecify static transitive
uses org.junit.platform.commons.support.conversion.Converter
uses org.junit.platform.commons.support.scanning.ClasspathScanner
qualified exports org.junit.platform.commons.logging to org.junit.jupiter.api org.junit.jupiter.engine org.junit.jupiter.migrationsupport org.junit.jupiter.params org.junit.platform.console org.junit.platform.engine org.junit.platform.launcher org.junit.platform.reporting org.junit.platform.suite.api org.junit.platform.suite.engine org.junit.platform.testkit org.junit.vintage.engine
qualified exports org.junit.platform.commons.util to org.junit.jupiter.api org.junit.jupiter.engine org.junit.jupiter.migrationsupport org.junit.jupiter.params org.junit.platform.console org.junit.platform.engine org.junit.platform.launcher org.junit.platform.reporting org.junit.platform.suite.api org.junit.platform.suite.engine org.junit.platform.testkit org.junit.vintage.engine
